// Jest Snapshot v1, https://goo.gl/fbAQLP

exports[`should match the snapshot 1`] = `
.c0 {
  outline: none;
  border: none;
  border-bottom: 2px solid #7f0909;
  margin: 0px 0px 15px 0px;
  padding: 10px;
  font-size: 20px;
}

<input
  className="c0"
/>
`;
